[
    {
        "no": "RL021",
        "name": "605185734428"
    },
    {
        "no": "RL022",
        "name": "569350832163"
    },
    {
        "no": "RL023",
        "name": "649662643352"
    },
    {
        "no": "RL024",
        "name": "622722096616"
    },
    {
        "no": "RL025",
        "name": "662939205825"
    },
    {
        "no": "RL026",
        "name": "566463809200"
    },
    {
        "no": "RL027",
        "name": "660893951278"
    },
    {
        "no": "RL028",
        "name": "653434203219"
    },
    {
        "no": "RL029",
        "name": "620255528451"
    },
    {
        "no": "RL030",
        "name": "624550913806"
    },
    {
        "no": "RL031",
        "name": "662096677264"
    },
    {
        "no": "RL032",
        "name": "643663953747"
    },
    {
        "no": "RL033",
        "name": "613200311395"
    },
    {
        "no": "RL034",
        "name": "649371553638"
    },
    {
        "no": "RL035",
        "name": "651813279832"
    },
    {
        "no": "RL036",
        "name": "610458909760"
    },
    {
        "no": "RL037",
        "name": "595454612105"
    },
    {
        "no": "RL038",
        "name": "524085276522"
    },
    {
        "no": "RL039",
        "name": "620540065035"
    },
    {
        "no": "RL040",
        "name": "660465245212"
    },
    {
        "no": "RL041",
        "name": "661520130910"
    },
    {
        "no": "RL042",
        "name": "648913825542"
    },
    {
        "no": "RL043",
        "name": "663600927508"
    },
    {
        "no": "RL044",
        "name": "659899134265"
    },
    {
        "no": "RL045",
        "name": "621803435008"
    },
    {
        "no": "RL046",
        "name": "597777709260"
    },
    {
        "no": "RL047",
        "name": "661629662783"
    },
    {
        "no": "RL048",
        "name": "661273004200"
    },
    {
        "no": "RL049",
        "name": "650045358501"
    },
    {
        "no": "RL050",
        "name": "648432972897"
    },
    {
        "no": "RL051",
        "name": "646876701822"
    },
    {
        "no": "RL052",
        "name": "646572131684"
    },
    {
        "no": "RL053",
        "name": "638022645913"
    },
    {
        "no": "RL054",
        "name": "631263150741"
    },
    {
        "no": "RL055",
        "name": "631124201556"
    },
    {
        "no": "RL056",
        "name": "628120358536"
    },
    {
        "no": "RL057",
        "name": "626636912619"
    },
    {
        "no": "RL058",
        "name": "626625196275"
    },
    {
        "no": "RL059",
        "name": "624382818609"
    },
    {
        "no": "RL060",
        "name": "621776525851"
    },
    {
        "no": "RL061",
        "name": "621529414384"
    },
    {
        "no": "RL062",
        "name": "619195188681"
    },
    {
        "no": "RL063",
        "name": "615637387689"
    },
    {
        "no": "RL064",
        "name": "615577130583"
    },
    {
        "no": "RL065",
        "name": "610931311981"
    },
    {
        "no": "RL066",
        "name": "610705738022"
    },
    {
        "no": "RL067",
        "name": "595452100472"
    },
    {
        "no": "RL068",
        "name": "592215800628"
    },
    {
        "no": "RL069",
        "name": "562413366929"
    },
    {
        "no": "RL070",
        "name": "552928493605"
    }
]