[
    {
        "no": "RL021",
        "name": "520606235581"
    },
    {
        "no": "RL022",
        "name": "660085300286"
    },
    {
        "no": "RL023",
        "name": "44891294450"
    },
    {
        "no": "RL024",
        "name": "570220490385"
    },
    {
        "no": "RL025",
        "name": "666286937896"
    },
    {
        "no": "RL026",
        "name": "588769166960"
    },
    {
        "no": "RL027",
        "name": "630471592371"
    },
    {
        "no": "RL028",
        "name": "616683270016"
    },
    {
        "no": "RL029",
        "name": "622227854813"
    },
    {
        "no": "RL030",
        "name": "615175402294"
    },
    {
        "no": "RL031",
        "name": "667273323371"
    },
    {
        "no": "RL032",
        "name": "581453950383"
    },
    {
        "no": "RL033",
        "name": "582545175010"
    },
    {
        "no": "RL034",
        "name": "588641269862"
    },
    {
        "no": "RL035",
        "name": "543135418487"
    },
    {
        "no": "RL036",
        "name": "622477994400"
    },
    {
        "no": "RL037",
        "name": "616336569474"
    },
    {
        "no": "RL038",
        "name": "619537602527"
    },
    {
        "no": "RL039",
        "name": "543037939702"
    },
    {
        "no": "RL040",
        "name": "525149954559"
    },
    {
        "no": "RL041",
        "name": "645430382835"
    },
    {
        "no": "RL042",
        "name": "526239087120"
    },
    {
        "no": "RL043",
        "name": "592622723414"
    },
    {
        "no": "RL044",
        "name": "652135516450"
    },
    {
        "no": "RL045",
        "name": "665378504972"
    },
    {
        "no": "RL046",
        "name": "544337354878"
    },
    {
        "no": "RL047",
        "name": "666159284117"
    },
    {
        "no": "RL048",
        "name": "615814112374"
    },
    {
        "no": "RL049",
        "name": "570396110517"
    },
    {
        "no": "RL050",
        "name": "629989725608"
    },
    {
        "no": "RL051",
        "name": "524858139899"
    },
    {
        "no": "RL052",
        "name": "620168993720"
    },
    {
        "no": "RL053",
        "name": "39312817728"
    },
    {
        "no": "RL054",
        "name": "619811700088"
    },
    {
        "no": "RL055",
        "name": "601323623790"
    },
    {
        "no": "RL056",
        "name": "619335852130"
    },
    {
        "no": "RL057",
        "name": "647390397933"
    },
    {
        "no": "RL058",
        "name": "610195282857"
    },
    {
        "no": "RL059",
        "name": "620045391603"
    },
    {
        "no": "RL060",
        "name": "665692077614"
    },
    {
        "no": "RL061",
        "name": "610535875012"
    },
    {
        "no": "RL062",
        "name": "666125826726"
    },
    {
        "no": "RL063",
        "name": "609595536626"
    },
    {
        "no": "RL064",
        "name": "665046265920"
    },
    {
        "no": "RL065",
        "name": "626035438172"
    },
    {
        "no": "RL066",
        "name": "666423123831"
    },
    {
        "no": "RL067",
        "name": "650568908777"
    },
    {
        "no": "RL068",
        "name": "666353720889"
    },
    {
        "no": "RL069",
        "name": "618367381664"
    },
    {
        "no": "RL070",
        "name": "665782061796"
    },
    {
        "no": "RL071",
        "name": "602516035679"
    },
    {
        "no": "RL072",
        "name": "646347076684"
    },
    {
        "no": "RL073",
        "name": "631897378419"
    },
    {
        "no": "RL074",
        "name": "666359628663"
    },
    {
        "no": "RL075",
        "name": "666502475782"
    },
    {
        "no": "RL076",
        "name": "622990943631"
    },
    {
        "no": "RL077",
        "name": "600520216225"
    },
    {
        "no": "RL078",
        "name": "665790745481"
    },
    {
        "no": "RL079",
        "name": "626031894669"
    },
    {
        "no": "RL080",
        "name": "632619131263"
    },
    {
        "no": "RL081",
        "name": "39813001339"
    },
    {
        "no": "RL082",
        "name": "610024450941"
    },
    {
        "no": "RL083",
        "name": "580216506582"
    },
    {
        "no": "RL084",
        "name": "645398424482"
    },
    {
        "no": "RL085",
        "name": "598572444272"
    },
    {
        "no": "RL086",
        "name": "628604321422"
    },
    {
        "no": "RL087",
        "name": "635271769635"
    },
    {
        "no": "RL088",
        "name": "43621695132"
    },
    {
        "no": "RL089",
        "name": "585860236849"
    },
    {
        "no": "RL090",
        "name": "664680509030"
    },
    {
        "no": "RL091",
        "name": "622441480570"
    },
    {
        "no": "RL092",
        "name": "632551907768"
    },
    {
        "no": "RL093",
        "name": "657280282049"
    },
    {
        "no": "RL094",
        "name": "665693089842"
    },
    {
        "no": "RL095",
        "name": "609807600606"
    },
    {
        "no": "RL096",
        "name": "610205410613"
    },
    {
        "no": "RL097",
        "name": "639523377040"
    },
    {
        "no": "RL098",
        "name": "664977267365"
    },
    {
        "no": "RL099",
        "name": "666048534240"
    },
    {
        "no": "RL100",
        "name": "652264047242"
    },
    {
        "no": "RL101",
        "name": "526077113339"
    },
    {
        "no": "RL102",
        "name": "606138563638"
    },
    {
        "no": "RL103",
        "name": "625233439852"
    },
    {
        "no": "RL104",
        "name": "543326117168"
    },
    {
        "no": "RL105",
        "name": "544562567499"
    },
    {
        "no": "RL106",
        "name": "625740440980"
    },
    {
        "no": "RL107",
        "name": "543769568052"
    },
    {
        "no": "RL108",
        "name": "627744811641"
    },
    {
        "no": "RL109",
        "name": "653103410227"
    },
    {
        "no": "RL110",
        "name": "576170723677"
    },
    {
        "no": "RL111",
        "name": "667429913477"
    },
    {
        "no": "RL112",
        "name": "653911875785"
    },
    {
        "no": "RL113",
        "name": "43975956975"
    },
    {
        "no": "RL114",
        "name": "525572140127"
    },
    {
        "no": "RL115",
        "name": "42724505698"
    },
    {
        "no": "RL116",
        "name": "521259662056"
    },
    {
        "no": "RL117",
        "name": "587089046874"
    },
    {
        "no": "RL118",
        "name": "624004260200"
    },
    {
        "no": "RL119",
        "name": "610025318625"
    },
    {
        "no": "RL120",
        "name": "651963979422"
    },
    {
        "no": "RL121",
        "name": "526285953600"
    },
    {
        "no": "RL122",
        "name": "580717106504"
    },
    {
        "no": "RL123",
        "name": "543509228751"
    },
    {
        "no": "RL124",
        "name": "667035576196"
    },
    {
        "no": "RL125",
        "name": "44582950862"
    },
    {
        "no": "RL126",
        "name": "598985422915"
    },
    {
        "no": "RL127",
        "name": "45103157789"
    },
    {
        "no": "RL128",
        "name": "664886895431"
    },
    {
        "no": "RL129",
        "name": "520789327753"
    },
    {
        "no": "RL130",
        "name": "627951099401"
    },
    {
        "no": "RL131",
        "name": "633236215560"
    },
    {
        "no": "RL132",
        "name": "579849894978"
    },
    {
        "no": "RL133",
        "name": "568945815618"
    },
    {
        "no": "RL134",
        "name": "634078553273"
    },
    {
        "no": "RL135",
        "name": "653317359914"
    },
    {
        "no": "RL136",
        "name": "631649008923"
    },
    {
        "no": "RL137",
        "name": "665956871181"
    },
    {
        "no": "RL138",
        "name": "627634642736"
    },
    {
        "no": "RL139",
        "name": "545988338746"
    },
    {
        "no": "RL140",
        "name": "539478914777"
    },
    {
        "no": "RL141",
        "name": "530338660367"
    },
    {
        "no": "RL142",
        "name": "625230117439"
    },
    {
        "no": "RL143",
        "name": "617385475900"
    },
    {
        "no": "RL144",
        "name": "651346246733"
    },
    {
        "no": "RL145",
        "name": "644743344057"
    },
    {
        "no": "RL146",
        "name": "655567910067"
    },
    {
        "no": "RL147",
        "name": "520831728539"
    },
    {
        "no": "RL148",
        "name": "39438488132"
    },
    {
        "no": "RL149",
        "name": "579472527118"
    },
    {
        "no": "RL150",
        "name": "632475867849"
    },
    {
        "no": "RL151",
        "name": "575408905468"
    },
    {
        "no": "RL152",
        "name": "655774961788"
    },
    {
        "no": "RL153",
        "name": "39953944774"
    },
    {
        "no": "RL154",
        "name": "623524402693"
    },
    {
        "no": "RL155",
        "name": "653161603715"
    },
    {
        "no": "RL156",
        "name": "632155148903"
    },
    {
        "no": "RL157",
        "name": "562275001203"
    },
    {
        "no": "RL158",
        "name": "618944792143"
    },
    {
        "no": "RL159",
        "name": "634917815082"
    },
    {
        "no": "RL160",
        "name": "576173447345"
    },
    {
        "no": "RL161",
        "name": "666136043325"
    },
    {
        "no": "RL162",
        "name": "651945433203"
    },
    {
        "no": "RL163",
        "name": "649581367001"
    },
    {
        "no": "RL164",
        "name": "576285169800"
    },
    {
        "no": "RL165",
        "name": "658701077224"
    },
    {
        "no": "RL166",
        "name": "633564587988"
    },
    {
        "no": "RL167",
        "name": "44010604133"
    },
    {
        "no": "RL168",
        "name": "633742138678"
    },
    {
        "no": "RL169",
        "name": "558788841606"
    },
    {
        "no": "RL170",
        "name": "631591364198"
    },
    {
        "no": "RL171",
        "name": "588436628070"
    },
    {
        "no": "RL172",
        "name": "635184115522"
    },
    {
        "no": "RL173",
        "name": "540271662533"
    },
    {
        "no": "RL174",
        "name": "630931525650"
    },
    {
        "no": "RL175",
        "name": "610002341820"
    },
    {
        "no": "RL176",
        "name": "636949381690"
    },
    {
        "no": "RL177",
        "name": "640747080861"
    },
    {
        "no": "RL178",
        "name": "45896281440"
    },
    {
        "no": "RL179",
        "name": "590103060031"
    },
    {
        "no": "RL180",
        "name": "663710836898"
    },
    {
        "no": "RL181",
        "name": "620154602989"
    },
    {
        "no": "RL182",
        "name": "653708896978"
    },
    {
        "no": "RL183",
        "name": "630394948602"
    },
    {
        "no": "RL184",
        "name": "623393167879"
    },
    {
        "no": "RL185",
        "name": "637168629247"
    },
    {
        "no": "RL186",
        "name": "570130849323"
    },
    {
        "no": "RL187",
        "name": "626240973453"
    },
    {
        "no": "RL188",
        "name": "620662437823"
    },
    {
        "no": "RL189",
        "name": "610337382467"
    },
    {
        "no": "RL190",
        "name": "615895041487"
    },
    {
        "no": "RL191",
        "name": "624605262243"
    },
    {
        "no": "RL192",
        "name": "595211021293"
    },
    {
        "no": "RL193",
        "name": "596661796767"
    },
    {
        "no": "RL194",
        "name": "44500018711"
    },
    {
        "no": "RL195",
        "name": "657613995916"
    },
    {
        "no": "RL196",
        "name": "623813414356"
    },
    {
        "no": "RL197",
        "name": "552024698180"
    },
    {
        "no": "RL198",
        "name": "578526391483"
    },
    {
        "no": "RL199",
        "name": "652405017255"
    },
    {
        "no": "RL200",
        "name": "619880935321"
    },
    {
        "no": "RL201",
        "name": "663701153923"
    },
    {
        "no": "RL202",
        "name": "615020853432"
    },
    {
        "no": "RL203",
        "name": "624946938230"
    },
    {
        "no": "RL204",
        "name": "623115489898"
    },
    {
        "no": "RL205",
        "name": "593303441891"
    },
    {
        "no": "RL206",
        "name": "655141059317"
    },
    {
        "no": "RL207",
        "name": "544135056874"
    },
    {
        "no": "RL208",
        "name": "634552801595"
    },
    {
        "no": "RL209",
        "name": "629399024385"
    },
    {
        "no": "RL210",
        "name": "620735761778"
    },
    {
        "no": "RL211",
        "name": "642647336809"
    },
    {
        "no": "RL212",
        "name": "633866495522"
    },
    {
        "no": "RL213",
        "name": "659120479831"
    },
    {
        "no": "RL214",
        "name": "526373342199"
    },
    {
        "no": "RL215",
        "name": "627247058446"
    },
    {
        "no": "RL216",
        "name": "579900808984"
    },
    {
        "no": "RL217",
        "name": "634650036342"
    },
    {
        "no": "RL218",
        "name": "608241004604"
    },
    {
        "no": "RL219",
        "name": "650568228083"
    },
    {
        "no": "RL220",
        "name": "611149379441"
    },
    {
        "no": "RL221",
        "name": "594981492557"
    },
    {
        "no": "RL222",
        "name": "640746704838"
    },
    {
        "no": "RL223",
        "name": "600932497131"
    },
    {
        "no": "RL224",
        "name": "621273227544"
    },
    {
        "no": "RL225",
        "name": "626352378438"
    },
    {
        "no": "RL226",
        "name": "623795132292"
    },
    {
        "no": "RL227",
        "name": "522886452733"
    },
    {
        "no": "RL228",
        "name": "663242633794"
    },
    {
        "no": "RL229",
        "name": "610833931991"
    },
    {
        "no": "RL230",
        "name": "625878361820"
    },
    {
        "no": "RL231",
        "name": "655196525019"
    },
    {
        "no": "RL232",
        "name": "645973188572"
    },
    {
        "no": "RL233",
        "name": "650854749796"
    },
    {
        "no": "RL234",
        "name": "654780153888"
    },
    {
        "no": "RL235",
        "name": "620436444671"
    },
    {
        "no": "RL236",
        "name": "625618124933"
    },
    {
        "no": "RL237",
        "name": "602117865498"
    },
    {
        "no": "RL238",
        "name": "576403154767"
    },
    {
        "no": "RL239",
        "name": "658916972271"
    },
    {
        "no": "RL240",
        "name": "544796928005"
    },
    {
        "no": "RL241",
        "name": "658258484444"
    },
    {
        "no": "RL242",
        "name": "622402934818"
    },
    {
        "no": "RL243",
        "name": "560837300131"
    },
    {
        "no": "RL244",
        "name": "588895354550"
    },
    {
        "no": "RL245",
        "name": "610207721702"
    },
    {
        "no": "RL246",
        "name": "652413625484"
    },
    {
        "no": "RL247",
        "name": "623301583742"
    },
    {
        "no": "RL248",
        "name": "558331818290"
    },
    {
        "no": "RL249",
        "name": "620365741455"
    },
    {
        "no": "RL250",
        "name": "629407837094"
    },
    {
        "no": "RL251",
        "name": "568858306853"
    },
    {
        "no": "RL252",
        "name": "652936531446"
    },
    {
        "no": "RL253",
        "name": "605865056758"
    },
    {
        "no": "RL254",
        "name": "570264597920"
    },
    {
        "no": "RL255",
        "name": "625342675710"
    },
    {
        "no": "RL256",
        "name": "593500131789"
    },
    {
        "no": "RL257",
        "name": "633003960969"
    },
    {
        "no": "RL258",
        "name": "641797451388"
    },
    {
        "no": "RL259",
        "name": "646144514176"
    },
    {
        "no": "RL260",
        "name": "44024469304"
    },
    {
        "no": "RL261",
        "name": "619590508530"
    },
    {
        "no": "RL262",
        "name": "591768408841"
    },
    {
        "no": "RL263",
        "name": "652502814574"
    },
    {
        "no": "RL264",
        "name": "643917851703"
    },
    {
        "no": "RL265",
        "name": "661902035830"
    },
    {
        "no": "RL266",
        "name": "597828326461"
    },
    {
        "no": "RL267",
        "name": "654374401675"
    },
    {
        "no": "RL268",
        "name": "520063801146"
    },
    {
        "no": "RL269",
        "name": "589036118415"
    },
    {
        "no": "RL270",
        "name": "43733770630"
    },
    {
        "no": "RL271",
        "name": "625752605208"
    },
    {
        "no": "RL272",
        "name": "541806173203"
    },
    {
        "no": "RL273",
        "name": "625667370970"
    },
    {
        "no": "RL274",
        "name": "544409221627"
    },
    {
        "no": "RL275",
        "name": "627119157065"
    },
    {
        "no": "RL276",
        "name": "636630631691"
    },
    {
        "no": "RL277",
        "name": "660316846979"
    },
    {
        "no": "RL278",
        "name": "543800520757"
    },
    {
        "no": "RL279",
        "name": "582084076995"
    },
    {
        "no": "RL280",
        "name": "44396755663"
    },
    {
        "no": "RL281",
        "name": "652412889896"
    },
    {
        "no": "RL282",
        "name": "625383653055"
    },
    {
        "no": "RL283",
        "name": "521139258345"
    },
    {
        "no": "RL284",
        "name": "624893315352"
    },
    {
        "no": "RL285",
        "name": "575029855155"
    },
    {
        "no": "RL286",
        "name": "650584749679"
    },
    {
        "no": "RL287",
        "name": "543605927558"
    },
    {
        "no": "RL288",
        "name": "633548446400"
    },
    {
        "no": "RL289",
        "name": "628351887358"
    },
    {
        "no": "RL290",
        "name": "573545517048"
    },
    {
        "no": "RL291",
        "name": "45444216094"
    },
    {
        "no": "RL292",
        "name": "584495996188"
    },
    {
        "no": "RL293",
        "name": "39394529534"
    },
    {
        "no": "RL294",
        "name": "622037415277"
    },
    {
        "no": "RL295",
        "name": "651324655073"
    },
    {
        "no": "RL296",
        "name": "612875085991"
    },
    {
        "no": "RL297",
        "name": "635305860876"
    },
    {
        "no": "RL298",
        "name": "598019119084"
    },
    {
        "no": "RL299",
        "name": "600267317781"
    },
    {
        "no": "RL300",
        "name": "661274595120"
    },
    {
        "no": "RL301",
        "name": "641284448090"
    },
    {
        "no": "RL302",
        "name": "44788757693"
    },
    {
        "no": "RL303",
        "name": "649401864674"
    },
    {
        "no": "RL304",
        "name": "633496580051"
    },
    {
        "no": "RL305",
        "name": "651486610818"
    },
    {
        "no": "RL306",
        "name": "522861411312"
    },
    {
        "no": "RL307",
        "name": "572126372369"
    },
    {
        "no": "RL308",
        "name": "526281669154"
    },
    {
        "no": "RL309",
        "name": "645976020024"
    },
    {
        "no": "RL310",
        "name": "620156014633"
    },
    {
        "no": "RL311",
        "name": "660568230237"
    },
    {
        "no": "RL312",
        "name": "656325349194"
    },
    {
        "no": "RL313",
        "name": "659124379448"
    },
    {
        "no": "RL314",
        "name": "657478811590"
    },
    {
        "no": "RL315",
        "name": "636950613211"
    },
    {
        "no": "RL316",
        "name": "650862125035"
    },
    {
        "no": "RL317",
        "name": "627017919179"
    },
    {
        "no": "RL318",
        "name": "636574859402"
    },
    {
        "no": "RL319",
        "name": "626291334636"
    },
    {
        "no": "RL320",
        "name": "658909640985"
    },
    {
        "no": "RL321",
        "name": "524333126893"
    },
    {
        "no": "RL322",
        "name": "624667047519"
    },
    {
        "no": "RL323",
        "name": "650634676460"
    },
    {
        "no": "RL324",
        "name": "44618918553"
    },
    {
        "no": "RL325",
        "name": "625057254074"
    },
    {
        "no": "RL326",
        "name": "622992983328"
    },
    {
        "no": "RL327",
        "name": "651750728787"
    },
    {
        "no": "RL328",
        "name": "660565410274"
    },
    {
        "no": "RL329",
        "name": "632616429074"
    },
    {
        "no": "RL330",
        "name": "655752344163"
    },
    {
        "no": "RL331",
        "name": "619883270687"
    },
    {
        "no": "RL332",
        "name": "635012621402"
    },
    {
        "no": "RL333",
        "name": "658153285060"
    },
    {
        "no": "RL334",
        "name": "653323023501"
    },
    {
        "no": "RL335",
        "name": "630401032069"
    },
    {
        "no": "RL336",
        "name": "652152348709"
    },
    {
        "no": "RL337",
        "name": "635012621222"
    },
    {
        "no": "RL338",
        "name": "651714556053"
    },
    {
        "no": "RL339",
        "name": "625930077943"
    },
    {
        "no": "RL340",
        "name": "653321143538"
    },
    {
        "no": "RL341",
        "name": "646927029747"
    },
    {
        "no": "RL342",
        "name": "631022511619"
    },
    {
        "no": "RL343",
        "name": "43302714463"
    },
    {
        "no": "RL344",
        "name": "611357022919"
    },
    {
        "no": "RL345",
        "name": "654505892335"
    },
    {
        "no": "RL346",
        "name": "662677697427"
    },
    {
        "no": "RL347",
        "name": "543708578654"
    },
    {
        "no": "RL348",
        "name": "652531376737"
    },
    {
        "no": "RL349",
        "name": "619172895210"
    },
    {
        "no": "RL350",
        "name": "626038930650"
    },
    {
        "no": "RL351",
        "name": "621272481758"
    },
    {
        "no": "RL352",
        "name": "625939701332"
    },
    {
        "no": "RL353",
        "name": "642587614723"
    },
    {
        "no": "RL354",
        "name": "589008766398"
    }
]